// Jest Snapshot v1, https://goo.gl/fbAQLP

exports[`Calendar #render renders <Calendar /> 1`] = `
<div
  className="calendar"
>
  <div
    className="calendar-month_header"
  >
    <button
      className="calendar-header_button is-prev"
      disabled={false}
      onClick={[Function]}
      title="Previous month"
      type="button"
    />
    <div
      className="calendar-month_header_title"
    >
      July 2015
    </div>
    <button
      className="calendar-header_button is-next"
      disabled={false}
      onClick={[Function]}
      title="Next month"
      type="button"
    />
  </div>
  <div
    className="calendar-month"
  >
    <div
      className="calendar-days_of_week"
    >
      <div
        className="calendar-days_of_week_day"
      >
        Mon
      </div>
      <div
        className="calendar-days_of_week_day"
      >
        Tue
      </div>
      <div
        className="calendar-days_of_week_day"
      >
        Wed
      </div>
      <div
        className="calendar-days_of_week_day"
      >
        Thu
      </div>
      <div
        className="calendar-days_of_week_day"
      >
        Fri
      </div>
      <div
        className="calendar-days_of_week_day is-weekend"
      >
        Sat
      </div>
      <div
        className="calendar-days_of_week_day is-weekend"
      >
        Sun
      </div>
    </div>
    <div
      className="calendar-week"
    >
      <button
        className="calendar-week-day is-prev_month is-selectable is-working_day"
        data-simple-react-calendar-day="2015-06-29"
        onClick={[Function]}
        onMouseEnter={[Function]}
        type="button"
        value="2015-06-29"
      >
        29
      </button>
      <button
        className="calendar-week-day is-prev_month is-selectable is-working_day"
        data-simple-react-calendar-day="2015-06-30"
        onClick={[Function]}
        onMouseEnter={[Function]}
        type="button"
        value="2015-06-30"
      >
        30
      </button>
      <button
        className="calendar-week-day is-current_month is-selectable is-working_day"
        data-simple-react-calendar-day="2015-07-01"
        onClick={[Function]}
        onMouseEnter={[Function]}
        type="button"
        value="2015-07-01"
      >
        1
      </button>
      <button
        className="calendar-week-day is-current_month is-selectable is-working_day"
        data-simple-react-calendar-day="2015-07-02"
        onClick={[Function]}
        onMouseEnter={[Function]}
        type="button"
        value="2015-07-02"
      >
        2
      </button>
      <button
        className="calendar-week-day is-current_month is-selectable is-working_day"
        data-simple-react-calendar-day="2015-07-03"
        onClick={[Function]}
        onMouseEnter={[Function]}
        type="button"
        value="2015-07-03"
      >
        3
      </button>
      <button
        className="calendar-week-day is-current_month is-selectable is-weekend"
        data-simple-react-calendar-day="2015-07-04"
        onClick={[Function]}
        onMouseEnter={[Function]}
        type="button"
        value="2015-07-04"
      >
        4
      </button>
      <button
        className="calendar-week-day is-current_month is-selectable is-weekend"
        data-simple-react-calendar-day="2015-07-05"
        onClick={[Function]}
        onMouseEnter={[Function]}
        type="button"
        value="2015-07-05"
      >
        5
      </button>
    </div>
    <div
      className="calendar-week"
    >
      <button
        className="calendar-week-day is-current_month is-selectable is-working_day"
        data-simple-react-calendar-day="2015-07-06"
        onClick={[Function]}
        onMouseEnter={[Function]}
        type="button"
        value="2015-07-06"
      >
        6
      </button>
      <button
        className="calendar-week-day is-current_month is-selectable is-working_day"
        data-simple-react-calendar-day="2015-07-07"
        onClick={[Function]}
        onMouseEnter={[Function]}
        type="button"
        value="2015-07-07"
      >
        7
      </button>
      <button
        className="calendar-week-day is-current_month is-selectable is-working_day"
        data-simple-react-calendar-day="2015-07-08"
        onClick={[Function]}
        onMouseEnter={[Function]}
        type="button"
        value="2015-07-08"
      >
        8
      </button>
      <button
        className="calendar-week-day is-current_month is-selectable is-working_day"
        data-simple-react-calendar-day="2015-07-09"
        onClick={[Function]}
        onMouseEnter={[Function]}
        type="button"
        value="2015-07-09"
      >
        9
      </button>
      <button
        className="calendar-week-day is-current_month is-selectable is-working_day"
        data-simple-react-calendar-day="2015-07-10"
        onClick={[Function]}
        onMouseEnter={[Function]}
        type="button"
        value="2015-07-10"
      >
        10
      </button>
      <button
        className="calendar-week-day is-current_month is-selectable is-weekend"
        data-simple-react-calendar-day="2015-07-11"
        onClick={[Function]}
        onMouseEnter={[Function]}
        type="button"
        value="2015-07-11"
      >
        11
      </button>
      <button
        className="calendar-week-day is-current_month is-selectable is-weekend"
        data-simple-react-calendar-day="2015-07-12"
        onClick={[Function]}
        onMouseEnter={[Function]}
        type="button"
        value="2015-07-12"
      >
        12
      </button>
    </div>
    <div
      className="calendar-week"
    >
      <button
        className="calendar-week-day is-current_month is-selectable is-working_day"
        data-simple-react-calendar-day="2015-07-13"
        onClick={[Function]}
        onMouseEnter={[Function]}
        type="button"
        value="2015-07-13"
      >
        13
      </button>
      <button
        className="calendar-week-day is-current_month is-selectable is-working_day"
        data-simple-react-calendar-day="2015-07-14"
        onClick={[Function]}
        onMouseEnter={[Function]}
        type="button"
        value="2015-07-14"
      >
        14
      </button>
      <button
        className="calendar-week-day is-current_month is-selectable is-working_day"
        data-simple-react-calendar-day="2015-07-15"
        onClick={[Function]}
        onMouseEnter={[Function]}
        type="button"
        value="2015-07-15"
      >
        15
      </button>
      <button
        className="calendar-week-day is-current_month is-selectable is-working_day"
        data-simple-react-calendar-day="2015-07-16"
        onClick={[Function]}
        onMouseEnter={[Function]}
        type="button"
        value="2015-07-16"
      >
        16
      </button>
      <button
        className="calendar-week-day is-current_month is-selectable is-working_day"
        data-simple-react-calendar-day="2015-07-17"
        onClick={[Function]}
        onMouseEnter={[Function]}
        type="button"
        value="2015-07-17"
      >
        17
      </button>
      <button
        className="calendar-week-day is-current_month is-selectable is-weekend"
        data-simple-react-calendar-day="2015-07-18"
        onClick={[Function]}
        onMouseEnter={[Function]}
        type="button"
        value="2015-07-18"
      >
        18
      </button>
      <button
        className="calendar-week-day is-current_month is-selectable is-weekend"
        data-simple-react-calendar-day="2015-07-19"
        onClick={[Function]}
        onMouseEnter={[Function]}
        type="button"
        value="2015-07-19"
      >
        19
      </button>
    </div>
    <div
      className="calendar-week"
    >
      <button
        className="calendar-week-day is-current_month is-selectable is-working_day"
        data-simple-react-calendar-day="2015-07-20"
        onClick={[Function]}
        onMouseEnter={[Function]}
        type="button"
        value="2015-07-20"
      >
        20
      </button>
      <button
        className="calendar-week-day is-current_month is-selectable is-working_day"
        data-simple-react-calendar-day="2015-07-21"
        onClick={[Function]}
        onMouseEnter={[Function]}
        type="button"
        value="2015-07-21"
      >
        21
      </button>
      <button
        className="calendar-week-day is-current_month is-selectable is-working_day"
        data-simple-react-calendar-day="2015-07-22"
        onClick={[Function]}
        onMouseEnter={[Function]}
        type="button"
        value="2015-07-22"
      >
        22
      </button>
      <button
        className="calendar-week-day is-current_month is-selectable is-working_day"
        data-simple-react-calendar-day="2015-07-23"
        onClick={[Function]}
        onMouseEnter={[Function]}
        type="button"
        value="2015-07-23"
      >
        23
      </button>
      <button
        className="calendar-week-day is-current_month is-selectable is-working_day"
        data-simple-react-calendar-day="2015-07-24"
        onClick={[Function]}
        onMouseEnter={[Function]}
        type="button"
        value="2015-07-24"
      >
        24
      </button>
      <button
        className="calendar-week-day is-current_month is-selectable is-weekend"
        data-simple-react-calendar-day="2015-07-25"
        onClick={[Function]}
        onMouseEnter={[Function]}
        type="button"
        value="2015-07-25"
      >
        25
      </button>
      <button
        className="calendar-week-day is-current_month is-selectable is-weekend"
        data-simple-react-calendar-day="2015-07-26"
        onClick={[Function]}
        onMouseEnter={[Function]}
        type="button"
        value="2015-07-26"
      >
        26
      </button>
    </div>
    <div
      className="calendar-week"
    >
      <button
        className="calendar-week-day is-current_month is-selectable is-working_day"
        data-simple-react-calendar-day="2015-07-27"
        onClick={[Function]}
        onMouseEnter={[Function]}
        type="button"
        value="2015-07-27"
      >
        27
      </button>
      <button
        className="calendar-week-day is-current_month is-selectable is-working_day"
        data-simple-react-calendar-day="2015-07-28"
        onClick={[Function]}
        onMouseEnter={[Function]}
        type="button"
        value="2015-07-28"
      >
        28
      </button>
      <button
        className="calendar-week-day is-current_month is-selectable is-working_day"
        data-simple-react-calendar-day="2015-07-29"
        onClick={[Function]}
        onMouseEnter={[Function]}
        type="button"
        value="2015-07-29"
      >
        29
      </button>
      <button
        className="calendar-week-day is-current_month is-selectable is-working_day"
        data-simple-react-calendar-day="2015-07-30"
        onClick={[Function]}
        onMouseEnter={[Function]}
        type="button"
        value="2015-07-30"
      >
        30
      </button>
      <button
        className="calendar-week-day is-current_month is-selectable is-working_day"
        data-simple-react-calendar-day="2015-07-31"
        onClick={[Function]}
        onMouseEnter={[Function]}
        type="button"
        value="2015-07-31"
      >
        31
      </button>
      <button
        className="calendar-week-day is-next_month is-selectable is-weekend"
        data-simple-react-calendar-day="2015-08-01"
        onClick={[Function]}
        onMouseEnter={[Function]}
        type="button"
        value="2015-08-01"
      >
        1
      </button>
      <button
        className="calendar-week-day is-next_month is-selectable is-weekend"
        data-simple-react-calendar-day="2015-08-02"
        onClick={[Function]}
        onMouseEnter={[Function]}
        type="button"
        value="2015-08-02"
      >
        2
      </button>
    </div>
  </div>
</div>
`;
