// Jest Snapshot v1, https://goo.gl/fbAQLP

exports[`Notice when prop \`type\` is "disabled_day_click" renders <Notice /> 1`] = `
<div
  className="example-class-name-notice"
>
  Selected range must not overlap with disabled dates.
</div>
`;

exports[`Notice when prop \`type\` is "overlapping_with_disabled" renders <Notice /> 1`] = `
<div
  className="example-class-name-notice"
>
  Selected range must not overlap with disabled dates.
</div>
`;
